CREATE EXTENSION
 _calculate_markup 
-------------------
              7.50
(1 row)
